// Jest Snapshot v1, https://goo.gl/fbAQLP

exports[`Album Details Screen should render initial layout 1`] = `
Array [
  <React.Fragment>
    <Provider>
      <View
        style={
          Object {
            "alignItems": "center",
            "flex": 1,
            "height": 80,
            "justifyContent": "center",
          }
        }
      >
        <View
          style={
            Object {
              "alignItems": "center",
              "backgroundColor": "#dedede",
              "borderRadius": 30,
              "flex": 1,
              "justifyContent": "center",
              "margin": 30,
              "marginTop": 20,
              "width": "80%",
            }
          }
        >
          <Image
            source={
              Object {
                "uri": undefined,
              }
            }
            style={
              Object {
                "backgroundColor": "black",
                "height": 250,
                "width": 250,
              }
            }
          />
          <withTheme(Text)
            style={
              Object {
                "backgroundColor": "#0c82f3",
                "borderRadius": 7,
                "color": "white",
                "fontSize": 23,
                "margin": 7,
                "overflow": "hidden",
                "padding": 10,
                "textAlign": "left",
              }
            }
          />
          <withTheme(Button)
            mode="contained"
            onPress={[Function]}
            style={
              Object {
                "backgroundColor": "blue",
                "height": 40,
                "marginTop": 50,
                "width": "93%",
              }
            }
            testID="HomeButton"
          >
            HOME
          </withTheme(Button)>
        </View>
      </View>
    </Provider>
  </React.Fragment>,
]
`;
